#-----------------------------------------------------------
# Vivado v2022.1 (64-bit)
# SW Build 3526262 on Mon Apr 18 15:48:16 MDT 2022
# IP Build 3524634 on Mon Apr 18 20:55:01 MDT 2022
# Start of session at: Thu May  4 21:06:47 2023
# Process ID: 1292
# Current directory: D:/VERILOG/331finalproject
# Command line: vivado.exe -gui_launcher_event rodinguilauncherevent7088 D:\VERILOG\331finalproject\331finalproject.xpr
# Log file: D:/VERILOG/331finalproject/vivado.log
# Journal file: D:/VERILOG/331finalproject\vivado.jou
# Running On: E5-CSE-136-05, OS: Windows, CPU Frequency: 2904 MHz, CPU Physical cores: 8, Host memory: 16888 MB
#-----------------------------------------------------------
start_gui
open_project D:/VERILOG/331finalproject/331finalproject.xpr
update_compile_order -fileset sources_1
reset_run synth_1
set_property part xc7z012sclg485-2 [current_project]
launch_runs synth_1 -jobs 8
wait_on_run synth_1
launch_runs impl_1 -jobs 8
wait_on_run impl_1
open_run impl_1
close_design
open_run synth_1 -name synth_1
launch_runs impl_1 -to_step write_bitstream -jobs 8
wait_on_run impl_1
launch_simulation
source testbench.tcl
close_sim
